[INFO] Scanning for projects...
[INFO] 
[INFO] -------------< com.digitalbanking:digital-banking-backend >-------------
[INFO] Building digital-banking-backend 0.0.1-SNAPSHOT
[INFO]   from pom.xml
[INFO] --------------------------------[ jar ]---------------------------------
[INFO] 
[INFO] --- clean:3.3.2:clean (default-clean) @ digital-banking-backend ---
[INFO] Deleting D:\JAVA\Digital Banking\target
[INFO] 
[INFO] --- resources:3.3.1:resources (default-resources) @ digital-banking-backend ---
[INFO] Copying 1 resource from src\main\resources to target\classes
[INFO] Copying 0 resource from src\main\resources to target\classes
[INFO] 
[INFO] --- compiler:3.11.0:compile (default-compile) @ digital-banking-backend ---
[INFO] Changes detected - recompiling the module! :source
[INFO] Compiling 38 source files with javac [debug release 21] to target\classes
[INFO] -------------------------------------------------------------
[WARNING] COMPILATION WARNING : 
[INFO] -------------------------------------------------------------
[WARNING] /D:/JAVA/Digital Banking/src/main/java/com/digitalbanking/mappers/BankAccountMapper.java:[17,14] Unmapped target property: "bankAccounts".
[WARNING] /D:/JAVA/Digital Banking/src/main/java/com/digitalbanking/mappers/BankAccountMapper.java:[19,27] Unmapped target properties: "type, customerDTO".
[WARNING] /D:/JAVA/Digital Banking/src/main/java/com/digitalbanking/mappers/BankAccountMapper.java:[21,20] Unmapped target properties: "currency, customer, accountOperations".
[WARNING] /D:/JAVA/Digital Banking/src/main/java/com/digitalbanking/mappers/BankAccountMapper.java:[23,26] Unmapped target properties: "type, customerDTO".
[WARNING] /D:/JAVA/Digital Banking/src/main/java/com/digitalbanking/mappers/BankAccountMapper.java:[25,19] Unmapped target properties: "currency, customer, accountOperations".
[WARNING] /D:/JAVA/Digital Banking/src/main/java/com/digitalbanking/mappers/BankAccountMapper.java:[29,22] Unmapped target property: "bankAccount".
[INFO] 6 warnings 
[INFO] -------------------------------------------------------------
[INFO] -------------------------------------------------------------
[ERROR] COMPILATION ERROR : 
[INFO] -------------------------------------------------------------
[ERROR] /D:/JAVA/Digital Banking/src/main/java/com/digitalbanking/security/config/SecurityConfig.java:[9,51] cannot find symbol
  symbol:   class PersistenceUserDetailsService
  location: package org.springframework.security.authentication
[INFO] 1 error
[INFO] -------------------------------------------------------------
[INFO] ------------------------------------------------------------------------
[INFO] BUILD FAILURE
[INFO] ------------------------------------------------------------------------
[INFO] Total time:  42.897 s
[INFO] Finished at: 2026-01-06T18:38:43+01:00
[INFO] ------------------------------------------------------------------------
[ERROR] Failed to execute goal org.apache.maven.plugins:maven-compiler-plugin:3.11.0:compile (default-compile) on project digital-banking-backend: Compilation failure
[ERROR] /D:/JAVA/Digital Banking/src/main/java/com/digitalbanking/security/config/SecurityConfig.java:[9,51] cannot find symbol
[ERROR]   symbol:   class PersistenceUserDetailsService
[ERROR]   location: package org.springframework.security.authentication
[ERROR] 
[ERROR] -> [Help 1]
[ERROR] 
[ERROR] To see the full stack trace of the errors, re-run Maven with the -e switch.
[ERROR] Re-run Maven using the -X switch to enable full debug logging.
[ERROR] 
[ERROR] For more information about the errors and possible solutions, please read the following articles:
[ERROR] [Help 1] http://cwiki.apache.org/confluence/display/MAVEN/MojoFailureException
